// Vitest Snapshot v1, https://vitest.dev/guide/snapshot.html

exports[`undefined > renders 1`] = `
<div>
  <a
    href="https://example.com"
  >
    Example Link
  </a>
</div>
`;
