// Vitest Snapshot v1, https://vitest.dev/guide/snapshot.html

exports[`TableCell > renders 1`] = `
<div>
  <div
    class="table-cell "
  >
    Example Link
  </div>
</div>
`;

exports[`undefined > renders 1`] = `
<div>
  <div
    class="table-cell "
  >
    Example Link
  </div>
</div>
`;
